// Jest Snapshot v1, https://goo.gl/fbAQLP

exports[`[component]: CustomButton Should match default style 1`] = `
<body>
  <div>
    <button
      class="MuiButtonBase-root MuiButton-root MuiButton-contained MuiButton-containedPrimary MuiButton-sizeMedium MuiButton-containedSizeMedium css-aal01w-MuiButtonBase-root-MuiButton-root"
      tabindex="0"
      type="button"
    >
      Text
      <span
        class="MuiTouchRipple-root css-8je8zh-MuiTouchRipple-root"
      />
    </button>
  </div>
</body>
`;
